// Jest Snapshot v1, https://goo.gl/fbAQLP

exports[`password generating card should render without crashing 1`] = `
<div
  className="_28vIk _2bGnb _2nMGC card"
  style={Object {}}
>
  <div
    className="_2TuLn _1Vkyx cardHeader"
    style={Object {}}
  >
    <h5
      className="_3yPwv _2TwOi _11JjB _3PUqy cardTitle"
      style={Object {}}
    >
      <small>
        Generate a super
      </small>
      <br />
      <strong>
        strong password!
      </strong>
    </h5>
  </div>
  <div
    className="_2So3v _BClU8 cardContent"
    style={Object {}}
  >
    <div
      className="_2xbD- password"
      style={Object {}}
    >
      <div
        className="_fWLwS"
      >
        <input
          className="_U6nBC _1a45g "
          disabled={false}
          id="password-input"
          onBlur={[Function]}
          onChange={[Function]}
          onFocus={[Function]}
          placeholder="Click generate..."
          style={
            Object {
              "height": "undefinedpx",
              "minHeight": "undefinedpx",
              "width": "undefinedpx",
            }
          }
          type="text"
          value=""
        />
        <div
          className="_3t8tT"
        >
          <div
            className="_3yPwv _2HbLl _1QRSN _3PUqy _2Lw0g"
            style={Object {}}
          >
            Enter a password or generate!
          </div>
          <div
            className="_3yPwv _2HbLl _1QRSN _3PUqy _2MZzb"
            style={Object {}}
          >
            0
            /
            8
          </div>
        </div>
      </div>
    </div>
    <div
      className="_2xbD- passLengthInput"
      style={Object {}}
    >
      <div
        className="_fWLwS"
      >
        <input
          className="_U6nBC _1a45g "
          disabled={false}
          id="_50310_"
          onBlur={[Function]}
          onChange={[Function]}
          onFocus={[Function]}
          style={
            Object {
              "height": "undefinedpx",
              "minHeight": "undefinedpx",
              "width": "50px",
            }
          }
          type="text"
          value="8"
        />
        <div
          className="_3t8tT"
        >
          <div
            className="_3yPwv _2HbLl _1QRSN _3PUqy _2Lw0g"
            style={Object {}}
          />
        </div>
      </div>
    </div>
  </div>
  <div
    className="_2So3v _BClU8 "
    style={Object {}}
  >
    <div
      className="_cL4RU _17_OS  _3W7Om _3tLvr copyBtn"
      onClick={[Function]}
      style={
        Object {
          "backgroundColor": "var(--success)",
          "border": null,
          "color": undefined,
        }
      }
    >
      <button
        className="_3lLt8"
      >
        Copy
      </button>
    </div>
    <div
      className="_cL4RU _17_OS  _3W7Om _3tLvr generateBtn"
      onClick={[Function]}
      style={
        Object {
          "backgroundColor": "var(--info)",
          "border": null,
          "color": undefined,
        }
      }
    >
      <button
        className="_3lLt8"
      >
        Generate
      </button>
    </div>
  </div>
</div>
`;
